OpenBLAS WARNING - could not determine the L2 cache size on this system, assuming 256k
+AP 11:c «Раздевалка спецодежда» -> ≥-70дБм 42%, худший -999.0, средний -73.2
+AP 18:c «Коридор» -> ≥-70дБм 78%, худший -999.0, средний -58.3
+AP 4:c «Класс ТЭС УЭЦН» -> ≥-70дБм 88%, худший -999.0, средний -54.7
+AP 10:c «Склад хранения СИЗ РВ» -> ≥-70дБм 94%, худший -999.0, средний -51.9
+AP 12:c «Класс корп. обучения №2» -> ≥-70дБм 99%, худший -999.0, средний -48.9
+AP 1:c «Кабинет специалистов УТЦ» -> ≥-70дБм 100%, худший -999.0, средний -46.2
+AP 1:h1 «Кабинет специалистов УТЦ» -> ≥-70дБм 100%, худший -999.0, средний -45.9
+AP 1:h2 «Кабинет специалистов УТЦ» -> ≥-70дБм 100%, худший -999.0, средний -45.6
ИТОГО AP: [('11', 'c'), ('18', 'c'), ('4', 'c'), ('10', 'c'), ('12', 'c'), ('1', 'c'), ('1', 'h1'), ('1', 'h2')]
№ 1 Кабинет специалистов УТЦ          3.6× 8.0м S=  34.2  2.4: сред  -27.9 мин  -29.7 | 5: сред  -35.7 мин  -37.6
№ 2 Кабинет преподавателей            3.1× 2.7м S=  17.1  2.4: сред  -51.4 мин  -55.4 | 5: сред  -68.4 мин  -72.9
№ 3 Класс ПК                          3.1× 5.1м S=  90.8  2.4: сред  -56.2 мин  -59.1 | 5: сред  -73.8 мин  -77.0
№ 4 Класс ТЭС УЭЦН                    6.2× 7.3м S=  56.8  2.4: сред  -34.2 мин  -38.9 | 5: сред  -42.7 мин  -47.9
№ 5 Класс корп. обучения №3           3.8× 7.3м S=  59.1  2.4: сред  -52.0 мин  -55.0 | 5: сред  -69.1 мин  -72.5
№ 6 Гардероб                          3.2× 8.0м S=  52.2  2.4: сред  -52.4 мин  -55.3 | 5: сред  -69.5 мин  -72.8
№ 7 Санузел мужской                   1.3× 8.3м S=  23.8  2.4: сред  -46.2 мин  -48.3 | 5: сред  -62.7 мин  -65.1
№ 8 Санузел женский                   1.3× 6.2м S=  18.1  2.4: сред  -64.7 мин  -66.5 | 5: сред  -89.9 мин  -91.9
№ 9 Тех. помещение                    1.3× 1.9м S=   6.0  2.4: сред  -64.7 мин  -66.4 | 5: сред  -89.9 мин  -91.8
№10 Склад хранения СИЗ РВ             1.8× 4.0м S=  15.4  2.4: сред  -24.9 мин  -30.0 | 5: сред  -32.4 мин  -38.0
№11 Раздевалка спецодежда             1.8× 4.1м S=  15.4  2.4: сред  -25.1 мин  -30.3 | 5: сред  -32.6 мин  -38.3
№12 Класс корп. обучения №2          11.8× 8.3м S=  61.6  2.4: сред  -38.5 мин  -43.3 | 5: сред  -47.5 мин  -52.8
№13 Класс корп. обучения №1          11.8× 8.3м S= 130.2  2.4: сред  -50.5 мин  -55.3 | 5: сред  -67.5 мин  -72.8
№14 Серверная                         1.5× 1.6м S=   5.3  2.4: сред  -60.8 мин  -67.6 | 5: сред  -82.7 мин  -93.1
№15 Электрощитовая                    1.5× 2.1м S=   7.4  2.4: сред  -71.9 мин  -81.2 | 5: сред  -99.6 мин -114.9
№16 Склад-Архив УТЦ                   1.5× 3.8м S=  11.5  2.4: сред  -52.8 мин  -56.7 | 5: сред  -70.0 мин  -74.3
№17 ИТП                               2.7× 4.2м S=  27.8  2.4: сред  -73.6 мин  -75.7 | 5: сред  -99.8 мин -102.1
№18 Коридор                           9.0× 2.8м S=  99.3  2.4: сред  -31.7 мин  -38.0 | 5: сред  -40.0 мин  -46.9

карты сохранены
