OpenBLAS WARNING - could not determine the L2 cache size on this system, assuming 256k
+AP-7 «Санузел мужской» -> ≥-70дБм 42%, худший -999.0, средний -74.5
+AP-18 «Коридор» -> ≥-70дБм 79%, худший -999.0, средний -57.1
+AP-4 «Класс ТЭС УЭЦН» -> ≥-70дБм 90%, худший -999.0, средний -53.4
+AP-12 «Класс корп. обучения №2» -> ≥-70дБм 98%, худший -999.0, средний -49.9
+AP-1 «Кабинет специалистов УТЦ» -> ≥-70дБм 100%, худший -999.0, средний -46.8
+AP-2 «Кабинет преподавателей» -> ≥-70дБм 100%, худший -999.0, средний -44.8
+AP-3 «Класс ПК» -> ≥-70дБм 100%, худший -999.0, средний -43.4
+AP-5 «Класс корп. обучения №3» -> ≥-70дБм 100%, худший -999.0, средний -42.0
ИТОГО: ['AP-7', 'AP-18', 'AP-4', 'AP-12', 'AP-1', 'AP-2', 'AP-3', 'AP-5']
№ 1 Кабинет специалистов УТЦ          3.6× 8.0м S=  34.2  2.4: сред  -32.9 мин  -38.2 | 5: сред  -41.3 мин  -47.2
№ 2 Кабинет преподавателей            3.1× 2.7м S=  17.1  2.4: сред  -24.5 мин  -28.8 | 5: сред  -32.0 мин  -36.7
№ 3 Класс ПК                          3.1× 5.1м S=  90.8  2.4: сред  -28.7 мин  -33.6 | 5: сред  -36.6 мин  -42.0
№ 4 Класс ТЭС УЭЦН                    6.2× 7.3м S=  56.8  2.4: сред  -34.2 мин  -38.9 | 5: сред  -42.7 мин  -47.9
№ 5 Класс корп. обучения №3           3.8× 7.3м S=  59.1  2.4: сред  -32.3 мин  -37.4 | 5: сред  -40.6 мин  -46.2
№ 6 Гардероб                          3.2× 8.0м S=  52.2  2.4: сред  -53.7 мин  -56.9 | 5: сред  -71.0 мин  -74.6
№ 7 Санузел мужской                   1.3× 8.3м S=  23.8  2.4: сред  -31.7 мин  -37.9 | 5: сред  -39.9 мин  -46.8
№ 8 Санузел женский                   1.3× 6.2м S=  18.1  2.4: сред  -47.0 мин  -52.8 | 5: сред  -63.6 мин  -70.0
№ 9 Тех. помещение                    1.3× 1.9м S=   6.0  2.4: сред  -57.6 мин  -66.1 | 5: сред  -78.6 мин  -91.4
№10 Склад хранения СИЗ РВ             1.8× 4.0м S=  15.4  2.4: сред  -49.3 мин  -54.1 | 5: сред  -66.1 мин  -71.5
№11 Раздевалка спецодежда             1.8× 4.1м S=  15.4  2.4: сред  -49.2 мин  -54.1 | 5: сред  -66.0 мин  -71.4
№12 Класс корп. обучения №2          11.8× 8.3м S=  61.6  2.4: сред  -38.5 мин  -43.3 | 5: сред  -47.5 мин  -52.8
№13 Класс корп. обучения №1          11.8× 8.3м S= 130.2  2.4: сред  -50.5 мин  -55.3 | 5: сред  -67.5 мин  -72.8
№14 Серверная                         1.5× 1.6м S=   5.3  2.4: сред  -60.8 мин  -67.6 | 5: сред  -82.7 мин  -93.1
№15 Электрощитовая                    1.5× 2.1м S=   7.4  2.4: сред  -71.9 мин  -81.2 | 5: сред  -99.6 мин -114.9
№16 Склад-Архив УТЦ                   1.5× 3.8м S=  11.5  2.4: сред  -52.8 мин  -56.7 | 5: сред  -70.0 мин  -74.3
№17 ИТП                               2.7× 4.2м S=  27.8  2.4: сред  -73.6 мин  -75.7 | 5: сред  -99.8 мин -102.1
№18 Коридор                           9.0× 2.8м S=  99.3  2.4: сред  -31.7 мин  -38.0 | 5: сред  -40.0 мин  -46.9

карты сохранены
