OpenBLAS WARNING - could not determine the L2 cache size on this system, assuming 256k
2.4 ГГц: покрытие ≥-70 дБм 83.3%, худший -999.0
5 ГГц:   покрытие ≥-70 дБм 57.9%, худший -999.0
№ 1 Кабинет специалистов УТЦ          3.6× 8.0м S=  34.2  2.4: cp  -33.6 мин  -42.8 | 5: cp  -42.0 мин  -52.2 | AP:AP-1
№ 2 Кабинет преподавателей            3.1× 2.7м S=  17.1  2.4: cp  -24.5 мин  -28.8 | 5: cp  -32.0 мин  -36.7 | AP:AP-2
№ 3 Класс ПК                          3.1× 5.1м S=  90.8  2.4: cp  -28.5 мин  -35.9 | 5: cp  -36.4 мин  -44.5 | AP:AP-3
№ 4 Класс ТЭС УЭЦН                    6.2× 7.3м S=  56.8  2.4: cp  -34.1 мин  -39.9 | 5: cp  -42.6 мин  -49.0 | AP:AP-4
№ 5 Класс корп. обучения №3           3.8× 7.3м S=  59.1  2.4: cp  -31.7 мин  -39.8 | 5: cp  -40.0 мин  -48.9 | AP:AP-5
№ 6 Гардероб                          3.2× 8.0м S=  52.2  2.4: cp  -54.2 мин  -58.8 | 5: cp  -71.5 мин  -76.7 | AP:AP-1
№ 7 Санузел мужской                   1.3× 8.3м S=  23.8  2.4: cp  -72.0 мин  -80.8 | 5: cp  -94.7 мин -107.8 | AP:AP-1
№ 8 Санузел женский                   1.3× 6.2м S=  18.1  2.4: cp  -77.7 мин  -79.8 | 5: cp -104.4 мин -106.7 | AP:AP-1
№ 9 Тех. помещение                    1.3× 1.9м S=   6.0  2.4: cp  -85.8 мин  -88.0 | 5: cp -118.3 мин -122.4 | AP:AP-12w
№10 Склад хранения СИЗ РВ             1.8× 4.0м S=  15.4  2.4: cp  -69.2 мин  -71.3 | 5: cp  -94.9 мин  -97.2 | AP:AP-12w
№11 Раздевалка спецодежда             1.8× 4.1м S=  15.4  2.4: cp  -63.7 мин  -65.4 | 5: cp  -82.1 мин  -84.0 | AP:AP-1
№12 Класс корп. обучения №2          11.8× 8.3м S=  61.6  2.4: cp  -36.0 мин  -40.1 | 5: cp  -44.7 мин  -49.2 | AP:AP-12e
№13 Класс корп. обучения №1          11.8× 8.3м S= 130.2  2.4: cp  -48.0 мин  -52.1 | 5: cp  -64.7 мин  -69.2 | AP:AP-12e
№14 Серверная                         1.5× 1.6м S=   5.3  2.4: cp  -56.0 мин  -63.8 | 5: cp  -77.5 мин  -88.9 | AP:AP-18e
№15 Электрощитовая                    1.5× 2.1м S=   7.4  2.4: cp  -69.6 мин  -78.6 | 5: cp  -97.1 мин -112.0 | AP:AP-18e
№16 Склад-Архив УТЦ                   1.5× 3.8м S=  11.5  2.4: cp  -50.9 мин  -55.4 | 5: cp  -67.9 мин  -72.9 | AP:AP-18e
№17 ИТП                               2.7× 4.2м S=  27.8  2.4: cp  -70.3 мин  -72.6 | 5: cp  -96.1 мин  -98.6 | AP:AP-12e
№18 Коридор                           9.0× 2.8м S=  99.3  2.4: cp  -29.2 мин  -33.9 | 5: cp  -37.1 мин  -42.4 | AP:AP-18w

карты сохранены; AP: ['AP-1', 'AP-4', 'AP-5', 'AP-3', 'AP-2', 'AP-12w', 'AP-12e', 'AP-18w', 'AP-18e']
