OpenBLAS WARNING - could not determine the L2 cache size on this system, assuming 256k
grid points: 2828
AP count: 11
('1', 'Кабинет специалистов УТЦ', -200.0, -200.0, 0.0, -200.0, -200.0, 0.0)
('2', 'Кабинет преподавателей', -200.0, -200.0, 0.0, -200.0, -200.0, 0.0)
('3', 'Класс ПК', -200.0, -200.0, 0.0, -200.0, -200.0, 0.0)
('4', 'Класс ТЭС УЭЦН', -200.0, -200.0, 0.0, -200.0, -200.0, 0.0)
('5', 'Класс корп. обучения №3', -200.0, -200.0, 0.0, -200.0, -200.0, 0.0)
('6', 'Гардероб', -200.0, -200.0, 0.0, -200.0, -200.0, 0.0)
('7', 'Санузел мужской', -200.0, -200.0, 0.0, -200.0, -200.0, 0.0)
('8', 'Санузел женский', -200.0, -200.0, 0.0, -200.0, -200.0, 0.0)
('9', 'Тех. помещение', -200.0, -200.0, 0.0, -200.0, -200.0, 0.0)
('10', 'Склад хранения СИЗ РВ', -200.0, -200.0, 0.0, -200.0, -200.0, 0.0)
('11', 'Раздевалка спецодежды', -200.0, -200.0, 0.0, -200.0, -200.0, 0.0)
('12', 'Класс корп. обучения №2', -199.6, -200.0, 0.2, -199.6, -200.0, 0.2)
('13', 'Класс корп. обучения №1', -200.0, -200.0, 0.0, -200.0, -200.0, 0.0)
('14', 'Серверная', -200.0, -200.0, 0.0, -200.0, -200.0, 0.0)
('15', 'Электрощитовая', -200.0, -200.0, 0.0, -200.0, -200.0, 0.0)
('16', 'Склад-Архив УТЦ', -200.0, -200.0, 0.0, -200.0, -200.0, 0.0)
('17', 'ИТП', -200.0, -200.0, 0.0, -200.0, -200.0, 0.0)
('18', 'Коридор', -200.0, -200.0, 0.0, -200.0, -200.0, 0.0)
ALL area >=-70 @2.4GHz: 0.0% | working zones: 0.0%
